Microchip MPLAB XC8 Compiler V2.40

Linker command line:

-W-3 \
  --edf=C:/Users/MARCO BRAVO/.mchp_packs/Microchip/PIC16F1xxxx_DFP/1.16.323/xc8\pic\dat\20221219211500_en.msgs \
  -cn -h+dist/default/production\disMB.X.production.sym \
  --cmf=dist/default/production\disMB.X.production.cmf -z -Q16F18875 \
  -oC:\Users\MARCOB~1\AppData\Local\Temp\xcAshi0.4 --defsym=__MPLAB_BUILD=1 \
  --fixupoverflow=error -Mdist/default/production/disMB.X.production.map \
  --md=C:\Users\MARCOB~1\AppData\Local\Temp\xcAshi0.dat -E1 \
  -ver=XC8 Compiler --acfsm=1493 -ACODE=00h-07FFhx4 -ASTRCODE=00h-01FFFh \
  -ASTRING=00h-0FFhx32 -ACONST=00h-0FFhx32 -AENTRY=00h-0FFhx32 \
  -ACOMMON=070h-07Fh -ABANK0=020h-06Fh -ABANK1=0A0h-0EFh \
  -ABANK2=0120h-016Fh -ABANK3=01A0h-01EFh -ABANK4=0220h-026Fh \
  -ABANK5=02A0h-02EFh -ABANK6=0320h-036Fh -ABANK7=03A0h-03EFh \
  -ABANK8=0420h-046Fh -ABANK9=04A0h-04EFh -ABANK10=0520h-056Fh \
  -ABANK11=05A0h-05EFh -ABANK12=0620h-064Fh -ABIGRAM=02000h-023EFh \
  -ARAM=020h-06Fh,0A0h-0EFh,0120h-016Fh,01A0h-01EFh,0220h-026Fh,02A0h-02EFh,0320h-036Fh,03A0h-03EFh,0420h-046Fh,04A0h-04EFh,0520h-056Fh,05A0h-05EFh,0620h-064Fh \
  -AABS1=020h-07Fh,0A0h-0EFh,0120h-016Fh,01A0h-01EFh,0220h-026Fh,02A0h-02EFh,0320h-036Fh,03A0h-03EFh,0420h-046Fh,04A0h-04EFh,0520h-056Fh,05A0h-05EFh,0620h-064Fh \
  -ASFR0=00h-01Fh -ASFR1=080h-09Fh -ASFR2=0100h-011Fh -ASFR3=0180h-019Fh \
  -ASFR4=0200h-021Fh -ASFR5=0280h-029Fh -ASFR6=0300h-031Fh \
  -ASFR7=0380h-039Fh -ASFR8=0400h-041Fh -ASFR9=0480h-049Fh \
  -ASFR10=0500h-051Fh -ASFR11=0580h-059Fh -ASFR12=0600h-061Fh \
  -ASFR13=0680h-06EFh -ASFR14=0700h-076Fh -ASFR15=0780h-07EFh \
  -ASFR16=0800h-086Fh -ASFR17=0880h-08EFh -ASFR18=0900h-096Fh \
  -ASFR19=0980h-09EFh -ASFR20=0A00h-0A6Fh -ASFR21=0A80h-0AEFh \
  -ASFR22=0B00h-0B6Fh -ASFR23=0B80h-0BEFh -ASFR24=0C00h-0C6Fh \
  -ASFR25=0C80h-0CEFh -ASFR26=0D00h-0D6Fh -ASFR27=0D80h-0DEFh \
  -ASFR28=0E00h-0E6Fh -ASFR29=0E80h-0EEFh -ASFR30=0F00h-0F6Fh \
  -ASFR31=0F80h-0FEFh -ACONFIG=08007h-0800Bh -DCONFIG=2 \
  -AIDLOC=08000h-08003h -DIDLOC=2 -AEEDATA=00h-0FFh/0F000h \
  -peeprom_data=EEDATA -DEEDATA=2 -DCODE=2 -DSTRCODE=2 -DSTRING=2 -DCONST=2 \
  -DENTRY=2 -preset_vec=00h,intentry,init,end_init -ppowerup=CODE \
  -pcinit=CODE -pfunctab=ENTRY -k \
  C:\Users\MARCOB~1\AppData\Local\Temp\xcAshi0.o \
  dist/default/production\disMB.X.production.o 

Object code version is 3.11

Machine type is 16F18875



                Name                               Link     Load   Length Selector   Space Scale
C:\Users\MARCOB~1\AppData\Local\Temp\xcAshi0.o
                end_init                              2        2        2        0       0
                reset_vec                             0        0        2        0       0
                config                             8007     8007        5        0       4
                idloc                              8000     8000        4        0       5
dist/default/production\disMB.X.production.o
                cinit                               7F5      7F5        B      FEA       0
                config                             8007     8007        5        0       4
                idloc                              8000     8000        4        0       5
                text10                              5EE      5EE        8      BDC       0
                text9                               618      618       3A      C30       0
                text8                               5F6      5F6        8      BEC       0
                text7                               5FE      5FE        A      BFC       0
                text6                               5E0      5E0        7      BC0       0
                text5                               5E7      5E7        7      BCE       0
                text4                               704      704       63      E08       0
                text3                               6A5      6A5       5F      D4A       0
                text2                               652      652       53      CA4       0
                text1                               767      767       8E      ECE       0
                maintext                            608      608       10      C10       0
                cstackCOMMON                         70       70        B       70       1
                dataCOMMON                           7B       7B        2       70       1
                nvBANK0                              20       20        8       20       1
                idataCOMMON                         5DE      5DE        2      BBC       0

TOTAL           Name                               Link     Load   Length     Space
        CLASS   CODE           
                end_init                              2        2        2         0
                cinit                               7F5      7F5        B         0
                reset_vec                             0        0        2         0
                text10                              5EE      5EE        8         0
                text9                               618      618       3A         0
                text8                               5F6      5F6        8         0
                text7                               5FE      5FE        A         0
                text6                               5E0      5E0        7         0
                text5                               5E7      5E7        7         0
                text4                               704      704       63         0
                text3                               6A5      6A5       5F         0
                text2                               652      652       53         0
                text1                               767      767       8E         0
                maintext                            608      608       10         0
                idataCOMMON                         5DE      5DE        2         0

        CLASS   STRCODE        

        CLASS   STRING         

        CLASS   CONST          

        CLASS   ENTRY          

        CLASS   COMMON         
                cstackCOMMON                         70       70        B         1
                dataCOMMON                           7B       7B        2         1

        CLASS   BANK0          
                nvBANK0                              20       20        8         1

        CLASS   BANK1          

        CLASS   BANK2          

        CLASS   BANK3          

        CLASS   BANK4          

        CLASS   BANK5          

        CLASS   BANK6          

        CLASS   BANK7          

        CLASS   BANK8          

        CLASS   BANK9          

        CLASS   BANK10         

        CLASS   BANK11         

        CLASS   BANK12         

        CLASS   BIGRAM         

        CLASS   RAM            

        CLASS   ABS1           
                abs_s1                               7E       7E        2         1

        CLASS   SFR0           

        CLASS   SFR1           

        CLASS   SFR2           

        CLASS   SFR3           

        CLASS   SFR4           

        CLASS   SFR5           

        CLASS   SFR6           

        CLASS   SFR7           

        CLASS   SFR8           

        CLASS   SFR9           

        CLASS   SFR10          

        CLASS   SFR11          

        CLASS   SFR12          

        CLASS   SFR13          

        CLASS   SFR14          

        CLASS   SFR15          

        CLASS   SFR16          

        CLASS   SFR17          

        CLASS   SFR18          

        CLASS   SFR19          

        CLASS   SFR20          

        CLASS   SFR21          

        CLASS   SFR22          

        CLASS   SFR23          

        CLASS   SFR24          

        CLASS   SFR25          

        CLASS   SFR26          

        CLASS   SFR27          

        CLASS   SFR28          

        CLASS   SFR29          

        CLASS   SFR30          

        CLASS   SFR31          

        CLASS   CONFIG         
                config                             8007     8007        5         4

        CLASS   IDLOC          
                idloc                              8000     8000        4         5

        CLASS   EEDATA         

        CLASS   BANK31         

        CLASS   BANK30         

        CLASS   BANK29         

        CLASS   BANK28         

        CLASS   BANK27         

        CLASS   BANK26         

        CLASS   BANK25         

        CLASS   BANK24         

        CLASS   BANK23         

        CLASS   BANK22         

        CLASS   BANK21         

        CLASS   BANK20         

        CLASS   BANK19         

        CLASS   BANK18         

        CLASS   BANK17         

        CLASS   BANK16         

        CLASS   BANK15         

        CLASS   BANK14         

        CLASS   BANK13         

        CLASS   HEAP           

        CLASS   STACK          



SEGMENTS        Name                           Load    Length   Top    Selector   Space  Class     Delta

                reset_vec                      000000  000004  000004         0       0  CODE        2
                nvBANK0                        000020  000008  000028        20       1  BANK0       1
                cstackCOMMON                   000070  00000D  00007D        70       1  COMMON      1
                idataCOMMON                    0005DE  000002  0005E0       BBC       0  CODE        2
                text6                          0005E0  000007  0005E7       BC0       0  CODE        2
                text5                          0005E7  000007  0005EE       BCE       0  CODE        2
                text10                         0005EE  000008  0005F6       BDC       0  CODE        2
                text8                          0005F6  000008  0005FE       BEC       0  CODE        2
                text7                          0005FE  00000A  000608       BFC       0  CODE        2
                maintext                       000608  000010  000618       C10       0  CODE        2
                text9                          000618  00003A  000652       C30       0  CODE        2
                text2                          000652  000053  0006A5       CA4       0  CODE        2
                text3                          0006A5  00005F  000704       D4A       0  CODE        2
                text4                          000704  000063  000767       E08       0  CODE        2
                text1                          000767  00008E  0007F5       ECE       0  CODE        2
                cinit                          0007F5  00000B  000800       FEA       0  CODE        2


UNUSED ADDRESS RANGES

        Name                Unused          Largest block    Delta
        BANK0            00028-0006F              48           1
        BANK1            000A0-000EF              50           1
        BANK10           00520-0056F              50           1
        BANK11           005A0-005EF              50           1
        BANK12           00620-0064F              30           1
        BANK2            00120-0016F              50           1
        BANK3            001A0-001EF              50           1
        BANK4            00220-0026F              50           1
        BANK5            002A0-002EF              50           1
        BANK6            00320-0036F              50           1
        BANK7            003A0-003EF              50           1
        BANK8            00420-0046F              50           1
        BANK9            004A0-004EF              50           1
        BIGRAM           02000-023EF             3F0           1
        CODE             00004-005DD             5DA           2
                         00800-01FFF             800
        COMMON           0007D-0007D               1           1
        CONST            00004-005DD             100           2
                         00800-01FFF             100
        EEDATA           0F000-0F0FF             100           2
        ENTRY            00004-005DD             100           2
                         00800-01FFF             100
        RAM              00028-0006F              48           1
                         000A0-000EF              50
                         00120-0016F              50
                         001A0-001EF              50
                         00220-0026F              50
                         002A0-002EF              50
                         00320-0036F              50
                         003A0-003EF              50
                         00420-0046F              50
                         004A0-004EF              50
                         00520-0056F              50
                         005A0-005EF              50
                         00620-0064F              30
        SFR0             00000-0001F              20           1
        SFR1             00080-0009F              20           1
        SFR10            00500-0051F              20           1
        SFR11            00580-0059F              20           1
        SFR12            00600-0061F              20           1
        SFR13            00680-006EF              70           1
        SFR14            00700-0076F              70           1
        SFR15            00780-007EF              70           1
        SFR16            00800-0086F              70           1
        SFR17            00880-008EF              70           1
        SFR18            00900-0096F              70           1
        SFR19            00980-009EF              70           1
        SFR2             00100-0011F              20           1
        SFR20            00A00-00A6F              70           1
        SFR21            00A80-00AEF              70           1
        SFR22            00B00-00B6F              70           1
        SFR23            00B80-00BEF              70           1
        SFR24            00C00-00C6F              70           1
        SFR25            00C80-00CEF              70           1
        SFR26            00D00-00D6F              70           1
        SFR27            00D80-00DEF              70           1
        SFR28            00E00-00E6F              70           1
        SFR29            00E80-00EEF              70           1
        SFR3             00180-0019F              20           1
        SFR30            00F00-00F6F              70           1
        SFR31            00F80-00FEF              70           1
        SFR4             00200-0021F              20           1
        SFR5             00280-0029F              20           1
        SFR6             00300-0031F              20           1
        SFR7             00380-0039F              20           1
        SFR8             00400-0041F              20           1
        SFR9             00480-0049F              20           1
        STRCODE          00004-005DD             5DA           2
                         00800-01FFF            1800
        STRING           00004-005DD             100           2
                         00800-01FFF             100

                                  Symbol Table

?___awdiv                       cstackCOMMON 00070
?___awmod                       cstackCOMMON 00070
Clear_Port@value                cstackCOMMON 00071
Decode_Display_AC@value         cstackCOMMON 00074
Set_Port@value                  cstackCOMMON 00071
Show_Digits_Display@value       cstackCOMMON 00079
_ANSELA                         (abs)        00F38
_ANSELB                         (abs)        00F43
_ANSELC                         (abs)        00F4E
_ANSELD                         (abs)        00F59
_ANSELE                         (abs)        00F64
_Clear_Port                     text6        005E0
_Decode_Display_AC              text4        00704
_Hundred                        nvBANK0      00022
_INLVLA                         (abs)        00F3C
_INLVLB                         (abs)        00F47
_INLVLC                         (abs)        00F52
_INLVLD                         (abs)        00F5D
_INLVLE                         (abs)        00F68
_LATA                           (abs)        00016
_LATB                           (abs)        00017
_LATC                           (abs)        00018
_LATD                           (abs)        00019
_LATE                           (abs)        0001A
_ODCONA                         (abs)        00F3A
_ODCONB                         (abs)        00F45
_ODCONC                         (abs)        00F50
_ODCOND                         (abs)        00F5B
_ODCONE                         (abs)        00F66
_OSCCON1                        (abs)        0088D
_OSCCON3                        (abs)        0088F
_OSCEN                          (abs)        00891
_OSCFRQ                         (abs)        00893
_OSCILLATOR_Initialize          text10       005EE
_OSCTUNE                        (abs)        00892
_PIN_MANAGER_Initialize         text9        00618
_PMD0                           (abs)        00796
_PMD1                           (abs)        00797
_PMD2                           (abs)        00798
_PMD3                           (abs)        00799
_PMD4                           (abs)        0079A
_PMD5                           (abs)        0079B
_PMD_Initialize                 text8        005F6
_SLRCONA                        (abs)        00F3B
_SLRCONB                        (abs)        00F46
_SLRCONC                        (abs)        00F51
_SLRCOND                        (abs)        00F5C
_SLRCONE                        (abs)        00F67
_SYSTEM_Initialize              text7        005FE
_Set_Port                       text5        005E7
_Show_Digits_Display            text1        00767
_TRISA                          (abs)        00011
_TRISB                          (abs)        00012
_TRISC                          (abs)        00013
_TRISD                          (abs)        00014
_TRISE                          (abs)        00015
_Tens                           nvBANK0      00024
_Thousands                      nvBANK0      00020
_Units                          nvBANK0      00026
_WPUA                           (abs)        00F39
_WPUB                           (abs)        00F44
_WPUC                           (abs)        00F4F
_WPUD                           (abs)        00F5A
_WPUE                           (abs)        00F65
__Habs1                         abs1         00000
__Hbank0                        bank0        00000
__Hbank1                        bank1        00000
__Hbank10                       bank10       00000
__Hbank11                       bank11       00000
__Hbank12                       bank12       00000
__Hbank13                       bank13       00000
__Hbank14                       bank14       00000
__Hbank15                       bank15       00000
__Hbank16                       bank16       00000
__Hbank17                       bank17       00000
__Hbank18                       bank18       00000
__Hbank19                       bank19       00000
__Hbank2                        bank2        00000
__Hbank20                       bank20       00000
__Hbank21                       bank21       00000
__Hbank22                       bank22       00000
__Hbank23                       bank23       00000
__Hbank24                       bank24       00000
__Hbank25                       bank25       00000
__Hbank26                       bank26       00000
__Hbank27                       bank27       00000
__Hbank28                       bank28       00000
__Hbank29                       bank29       00000
__Hbank3                        bank3        00000
__Hbank30                       bank30       00000
__Hbank31                       bank31       00000
__Hbank4                        bank4        00000
__Hbank5                        bank5        00000
__Hbank6                        bank6        00000
__Hbank7                        bank7        00000
__Hbank8                        bank8        00000
__Hbank9                        bank9        00000
__Hbigram                       bigram       00000
__Hcinit                        cinit        00800
__Hclrtext                      clrtext      00000
__Hcode                         code         00000
__Hcommon                       common       00000
__Hconfig                       config       0800C
__HcstackCOMMON                 cstackCOMMON 00000
__HdataCOMMON                   dataCOMMON   00000
__Heeprom_data                  eeprom_data  00000
__Hend_init                     end_init     00004
__Hfunctab                      functab      00000
__Hheap                         heap         00000
__HidataCOMMON                  idataCOMMON  00000
__Hidloc                        idloc        08004
__Hinit                         init         00002
__Hintentry                     intentry     00002
__Hmaintext                     maintext     00000
__HnvBANK0                      nvBANK0      00000
__Hpowerup                      powerup      00000
__Hram                          ram          00000
__Hreset_vec                    reset_vec    00002
__Hsfr0                         sfr0         00000
__Hsfr1                         sfr1         00000
__Hsfr10                        sfr10        00000
__Hsfr11                        sfr11        00000
__Hsfr12                        sfr12        00000
__Hsfr13                        sfr13        00000
__Hsfr14                        sfr14        00000
__Hsfr15                        sfr15        00000
__Hsfr16                        sfr16        00000
__Hsfr17                        sfr17        00000
__Hsfr18                        sfr18        00000
__Hsfr19                        sfr19        00000
__Hsfr2                         sfr2         00000
__Hsfr20                        sfr20        00000
__Hsfr21                        sfr21        00000
__Hsfr22                        sfr22        00000
__Hsfr23                        sfr23        00000
__Hsfr24                        sfr24        00000
__Hsfr25                        sfr25        00000
__Hsfr26                        sfr26        00000
__Hsfr27                        sfr27        00000
__Hsfr28                        sfr28        00000
__Hsfr29                        sfr29        00000
__Hsfr3                         sfr3         00000
__Hsfr30                        sfr30        00000
__Hsfr31                        sfr31        00000
__Hsfr4                         sfr4         00000
__Hsfr5                         sfr5         00000
__Hsfr6                         sfr6         00000
__Hsfr7                         sfr7         00000
__Hsfr8                         sfr8         00000
__Hsfr9                         sfr9         00000
__Hspace_0                      (abs)        00800
__Hspace_1                      (abs)        0007D
__Hspace_2                      (abs)        00000
__Hspace_3                      (abs)        00000
__Hspace_4                      (abs)        10013
__Hstack                        stack        00000
__Hstrings                      strings      00000
__Htext                         text         00000
__Labs1                         abs1         00000
__Lbank0                        bank0        00000
__Lbank1                        bank1        00000
__Lbank10                       bank10       00000
__Lbank11                       bank11       00000
__Lbank12                       bank12       00000
__Lbank13                       bank13       00000
__Lbank14                       bank14       00000
__Lbank15                       bank15       00000
__Lbank16                       bank16       00000
__Lbank17                       bank17       00000
__Lbank18                       bank18       00000
__Lbank19                       bank19       00000
__Lbank2                        bank2        00000
__Lbank20                       bank20       00000
__Lbank21                       bank21       00000
__Lbank22                       bank22       00000
__Lbank23                       bank23       00000
__Lbank24                       bank24       00000
__Lbank25                       bank25       00000
__Lbank26                       bank26       00000
__Lbank27                       bank27       00000
__Lbank28                       bank28       00000
__Lbank29                       bank29       00000
__Lbank3                        bank3        00000
__Lbank30                       bank30       00000
__Lbank31                       bank31       00000
__Lbank4                        bank4        00000
__Lbank5                        bank5        00000
__Lbank6                        bank6        00000
__Lbank7                        bank7        00000
__Lbank8                        bank8        00000
__Lbank9                        bank9        00000
__Lbigram                       bigram       00000
__Lcinit                        cinit        007F5
__Lclrtext                      clrtext      00000
__Lcode                         code         00000
__Lcommon                       common       00000
__Lconfig                       config       00000
__LcstackCOMMON                 cstackCOMMON 00000
__LdataCOMMON                   dataCOMMON   00000
__Leeprom_data                  eeprom_data  00000
__Lend_init                     end_init     00002
__Lfunctab                      functab      00000
__Lheap                         heap         00000
__LidataCOMMON                  idataCOMMON  00000
__Lidloc                        idloc        00000
__Linit                         init         00002
__Lintentry                     intentry     00002
__Lmaintext                     maintext     00000
__LnvBANK0                      nvBANK0      00000
__Lpowerup                      powerup      00000
__Lram                          ram          00000
__Lreset_vec                    reset_vec    00000
__Lsfr0                         sfr0         00000
__Lsfr1                         sfr1         00000
__Lsfr10                        sfr10        00000
__Lsfr11                        sfr11        00000
__Lsfr12                        sfr12        00000
__Lsfr13                        sfr13        00000
__Lsfr14                        sfr14        00000
__Lsfr15                        sfr15        00000
__Lsfr16                        sfr16        00000
__Lsfr17                        sfr17        00000
__Lsfr18                        sfr18        00000
__Lsfr19                        sfr19        00000
__Lsfr2                         sfr2         00000
__Lsfr20                        sfr20        00000
__Lsfr21                        sfr21        00000
__Lsfr22                        sfr22        00000
__Lsfr23                        sfr23        00000
__Lsfr24                        sfr24        00000
__Lsfr25                        sfr25        00000
__Lsfr26                        sfr26        00000
__Lsfr27                        sfr27        00000
__Lsfr28                        sfr28        00000
__Lsfr29                        sfr29        00000
__Lsfr3                         sfr3         00000
__Lsfr30                        sfr30        00000
__Lsfr31                        sfr31        00000
__Lsfr4                         sfr4         00000
__Lsfr5                         sfr5         00000
__Lsfr6                         sfr6         00000
__Lsfr7                         sfr7         00000
__Lsfr8                         sfr8         00000
__Lsfr9                         sfr9         00000
__Lspace_0                      (abs)        00000
__Lspace_1                      (abs)        00000
__Lspace_2                      (abs)        00000
__Lspace_3                      (abs)        00000
__Lspace_4                      (abs)        00000
__Lstack                        stack        00000
__Lstrings                      strings      00000
__Ltext                         text         00000
__S0                            (abs)        00800
__S1                            (abs)        0007D
__S3                            (abs)        00000
___awdiv                        text3        006A5
___awdiv@counter                cstackCOMMON 00075
___awdiv@dividend               cstackCOMMON 00072
___awdiv@divisor                cstackCOMMON 00070
___awdiv@quotient               cstackCOMMON 00077
___awdiv@sign                   cstackCOMMON 00076
___awmod                        text2        00652
___awmod@counter                cstackCOMMON 00075
___awmod@dividend               cstackCOMMON 00072
___awmod@divisor                cstackCOMMON 00070
___awmod@sign                   cstackCOMMON 00076
___heap_hi                      (abs)        00000
___heap_lo                      (abs)        00000
___int_sp                       stack        00000
___latbits                      (abs)        00002
___sp                           stack        00000
___stackhi                      (abs)        00000
___stacklo                      (abs)        00000
__end_of_Clear_Port             text6        005E7
__end_of_Decode_Display_AC      text4        00767
__end_of_OSCILLATOR_Initialize  text10       005F6
__end_of_PIN_MANAGER_Initialize text9        00652
__end_of_PMD_Initialize         text8        005FE
__end_of_SYSTEM_Initialize      text7        00608
__end_of_Set_Port               text5        005EE
__end_of_Show_Digits_Display    text1        007F5
__end_of___awdiv                text3        00704
__end_of___awmod                text2        006A5
__end_of__initialization        cinit        007FD
__end_of_main                   maintext     00618
__initialization                cinit        007F5
__pcstackCOMMON                 cstackCOMMON 00070
__pdataCOMMON                   dataCOMMON   0007B
__pidataCOMMON                  idataCOMMON  005DE
__pmaintext                     maintext     00608
__pnvBANK0                      nvBANK0      00020
__ptext1                        text1        00767
__ptext10                       text10       005EE
__ptext2                        text2        00652
__ptext3                        text3        006A5
__ptext4                        text4        00704
__ptext5                        text5        005E7
__ptext6                        text6        005E0
__ptext7                        text7        005FE
__ptext8                        text8        005F6
__ptext9                        text9        00618
_main                           maintext     00608
btemp                           (abs)        0007E
end_of_initialization           cinit        007FD
intlevel0                       functab      00000
intlevel1                       functab      00000
intlevel2                       functab      00000
intlevel3                       functab      00000
intlevel4                       functab      00000
intlevel5                       functab      00000
reset_vec                       reset_vec    00000
start                           init         00002
start_initialization            cinit        007F5
wtemp0                          (abs)        0007E


MODULE INFORMATION

Module		Function		Class		Link	Load	Size
C:\Program Files\Microchip\xc8\v2.40\pic\sources\c99\common\awdiv.c
		___awdiv       		CODE           	06A5	0000	95

C:\Program Files\Microchip\xc8\v2.40\pic\sources\c99\common\awdiv.c estimated size: 95

mcc_generated_files/pin_manager.c
		_PIN_MANAGER_Initialize		CODE           	0618	0000	58

mcc_generated_files/pin_manager.c estimated size: 58

shared
		__initialization		CODE           	07F5	0000	8

shared estimated size: 8

mcc_generated_files/mcc.c
		_PMD_Initialize		CODE           	05F6	0000	8
		_OSCILLATOR_Initialize		CODE           	05EE	0000	8
		_SYSTEM_Initialize		CODE           	05FE	0000	10

mcc_generated_files/mcc.c estimated size: 26

C:\Program Files\Microchip\xc8\v2.40\pic\sources\c99\common\awmod.c
		___awmod       		CODE           	0652	0000	83

C:\Program Files\Microchip\xc8\v2.40\pic\sources\c99\common\awmod.c estimated size: 83

main.c
		_Clear_Port    		CODE           	05E0	0000	7
		_main          		CODE           	0608	0000	16
		_Set_Port      		CODE           	05E7	0000	7
		_Decode_Display_AC		CODE           	0704	0000	99
		_Show_Digits_Display		CODE           	0767	0000	142

main.c estimated size: 271

